// Jest Snapshot v1, https://goo.gl/fbAQLP

exports[`renders without crashing 1`] = `
<DocumentFragment>
  <div
    class="App"
  >
    <h2>
      Start
    </h2>
    <section
      class="journey-container"
    >
      <div
        data-testid="start-options"
      >
        <p
          class=""
        >
          A
        </p>
        <p
          class=""
        >
          B
        </p>
        <p
          class=""
        >
          C
        </p>
        <p
          class=""
        >
          D
        </p>
      </div>
      <div
        data-testid="end-options"
      >
        <p
          class=""
        >
          E
        </p>
        <p
          class=""
        >
          F
        </p>
        <p
          class=""
        >
          G
        </p>
        <p
          class=""
        >
          J
        </p>
      </div>
    </section>
  </div>
</DocumentFragment>
`;
